// Jest Snapshot v1, https://goo.gl/fbAQLP

exports[`Snapshot test for DcpOpsStatusNotificationStack 1`] = `
{
  "Mappings": {
    "LatestNodeRuntimeMap": {
      "af-south-1": {
        "value": "nodejs20.x",
      },
      "ap-east-1": {
        "value": "nodejs20.x",
      },
      "ap-east-2": {
        "value": "nodejs20.x",
      },
      "ap-northeast-1": {
        "value": "nodejs20.x",
      },
      "ap-northeast-2": {
        "value": "nodejs20.x",
      },
      "ap-northeast-3": {
        "value": "nodejs20.x",
      },
      "ap-south-1": {
        "value": "nodejs20.x",
      },
      "ap-south-2": {
        "value": "nodejs20.x",
      },
      "ap-southeast-1": {
        "value": "nodejs20.x",
      },
      "ap-southeast-2": {
        "value": "nodejs20.x",
      },
      "ap-southeast-3": {
        "value": "nodejs20.x",
      },
      "ap-southeast-4": {
        "value": "nodejs20.x",
      },
      "ap-southeast-5": {
        "value": "nodejs20.x",
      },
      "ap-southeast-7": {
        "value": "nodejs20.x",
      },
      "ca-central-1": {
        "value": "nodejs20.x",
      },
      "ca-west-1": {
        "value": "nodejs20.x",
      },
      "cn-north-1": {
        "value": "nodejs20.x",
      },
      "cn-northwest-1": {
        "value": "nodejs20.x",
      },
      "eu-central-1": {
        "value": "nodejs20.x",
      },
      "eu-central-2": {
        "value": "nodejs20.x",
      },
      "eu-isoe-west-1": {
        "value": "nodejs18.x",
      },
      "eu-north-1": {
        "value": "nodejs20.x",
      },
      "eu-south-1": {
        "value": "nodejs20.x",
      },
      "eu-south-2": {
        "value": "nodejs20.x",
      },
      "eu-west-1": {
        "value": "nodejs20.x",
      },
      "eu-west-2": {
        "value": "nodejs20.x",
      },
      "eu-west-3": {
        "value": "nodejs20.x",
      },
      "il-central-1": {
        "value": "nodejs20.x",
      },
      "me-central-1": {
        "value": "nodejs20.x",
      },
      "me-south-1": {
        "value": "nodejs20.x",
      },
      "mx-central-1": {
        "value": "nodejs20.x",
      },
      "sa-east-1": {
        "value": "nodejs20.x",
      },
      "us-east-1": {
        "value": "nodejs20.x",
      },
      "us-east-2": {
        "value": "nodejs20.x",
      },
      "us-gov-east-1": {
        "value": "nodejs20.x",
      },
      "us-gov-west-1": {
        "value": "nodejs20.x",
      },
      "us-iso-east-1": {
        "value": "nodejs18.x",
      },
      "us-iso-west-1": {
        "value": "nodejs18.x",
      },
      "us-isob-east-1": {
        "value": "nodejs18.x",
      },
      "us-isob-west-1": {
        "value": "nodejs18.x",
      },
      "us-west-1": {
        "value": "nodejs20.x",
      },
      "us-west-2": {
        "value": "nodejs20.x",
      },
    },
  },
  "Parameters": {
    "BootstrapVersion": {
      "Default": "/cdk-bootstrap/hnb659fds/version",
      "Description": "Version of the CDK Bootstrap resources in this environment, automatically retrieved from SSM Parameter Store. [cdk:skip]",
      "Type": "AWS::SSM::Parameter::Value<String>",
    },
  },
  "Resources": {
    "CustomS3AutoDeleteObjectsCustomResourceProviderHandler9D90184F": {
      "DependsOn": [
        "CustomS3AutoDeleteObjectsCustomResourceProviderRole3B1BD092",
      ],
      "Properties": {
        "Code": {
          "S3Bucket": {
            "Fn::Sub": "cdk-hnb659fds-assets-\${AWS::AccountId}-\${AWS::Region}",
          },
          "S3Key": "[Hash Id].zip",
        },
        "Description": {
          "Fn::Join": [
            "",
            [
              "Lambda function for auto-deleting objects in ",
              {
                "Ref": "ErrorBucket8D38AF42",
              },
              " S3 bucket.",
            ],
          ],
        },
        "Handler": "index.handler",
        "MemorySize": 128,
        "Role": {
          "Fn::GetAtt": [
            "CustomS3AutoDeleteObjectsCustomResourceProviderRole3B1BD092",
            "Arn",
          ],
        },
        "Runtime": {
          "Fn::FindInMap": [
            "LatestNodeRuntimeMap",
            {
              "Ref": "AWS::Region",
            },
            "value",
          ],
        },
        "Timeout": 900,
      },
      "Type": "AWS::Lambda::Function",
    },
    "CustomS3AutoDeleteObjectsCustomResourceProviderRole3B1BD092": {
      "Properties": {
        "AssumeRolePolicyDocument": {
          "Statement": [
            {
              "Action": "sts:AssumeRole",
              "Effect": "Allow",
              "Principal": {
                "Service": "lambda.amazonaws.com",
              },
            },
          ],
          "Version": "2012-10-17",
        },
        "ManagedPolicyArns": [
          {
            "Fn::Sub": "arn:\${AWS::Partition}:iam::aws:policy/service-role/AWSLambdaBasicExecutionRole",
          },
        ],
      },
      "Type": "AWS::IAM::Role",
    },
    "ETLFunctionErrorLogAlarm03BF0B9C": {
      "Properties": {
        "AlarmActions": [
          {
            "Ref": "FailureTopic74C6EA16",
          },
        ],
        "AlarmName": "ETLFunctionErrorLogAlarm",
        "ComparisonOperator": "GreaterThanOrEqualToThreshold",
        "EvaluationPeriods": 1,
        "MetricName": "ETLFunctionErrorLog",
        "Namespace": "Custom/DcpOpsMonitor",
        "Period": 300,
        "Statistic": "Sum",
        "Threshold": 1,
      },
      "Type": "AWS::CloudWatch::Alarm",
    },
    "ErrorBucket8D38AF42": {
      "DeletionPolicy": "Delete",
      "Properties": {
        "Tags": [
          {
            "Key": "aws-cdk:auto-delete-objects",
            "Value": "true",
          },
        ],
      },
      "Type": "AWS::S3::Bucket",
      "UpdateReplacePolicy": "Delete",
    },
    "ErrorBucketAutoDeleteObjectsCustomResource8FA01807": {
      "DeletionPolicy": "Delete",
      "DependsOn": [
        "ErrorBucketPolicyC8A82C62",
      ],
      "Properties": {
        "BucketName": {
          "Ref": "ErrorBucket8D38AF42",
        },
        "ServiceToken": {
          "Fn::GetAtt": [
            "CustomS3AutoDeleteObjectsCustomResourceProviderHandler9D90184F",
            "Arn",
          ],
        },
      },
      "Type": "Custom::S3AutoDeleteObjects",
      "UpdateReplacePolicy": "Delete",
    },
    "ErrorBucketPolicyC8A82C62": {
      "Properties": {
        "Bucket": {
          "Ref": "ErrorBucket8D38AF42",
        },
        "PolicyDocument": {
          "Statement": [
            {
              "Action": [
                "s3:PutBucketPolicy",
                "s3:GetBucket*",
                "s3:List*",
                "s3:DeleteObject*",
              ],
              "Effect": "Allow",
              "Principal": {
                "AWS": {
                  "Fn::GetAtt": [
                    "CustomS3AutoDeleteObjectsCustomResourceProviderRole3B1BD092",
                    "Arn",
                  ],
                },
              },
              "Resource": [
                {
                  "Fn::GetAtt": [
                    "ErrorBucket8D38AF42",
                    "Arn",
                  ],
                },
                {
                  "Fn::Join": [
                    "",
                    [
                      {
                        "Fn::GetAtt": [
                          "ErrorBucket8D38AF42",
                          "Arn",
                        ],
                      },
                      "/*",
                    ],
                  ],
                },
              ],
            },
          ],
          "Version": "2012-10-17",
        },
      },
      "Type": "AWS::S3::BucketPolicy",
    },
    "EtlFunction22ED5A0D": {
      "DependsOn": [
        "EtlFunctionServiceRoleDefaultPolicy2FA140FD",
        "EtlFunctionServiceRole2ADAA4BC",
      ],
      "Properties": {
        "Code": {
          "ImageUri": {
            "Fn::Sub": "\${AWS::AccountId}.dkr.ecr.\${AWS::Region}.\${AWS::URLSuffix}/cdk-hnb659fds-container-assets-\${AWS::AccountId}-\${AWS::Region}:[Image Tag]",
          },
        },
        "Environment": {
          "Variables": {
            "ERROR_BUCKET_NAME": {
              "Ref": "ErrorBucket8D38AF42",
            },
            "LOGIN_PARAMETER_ARN": {
              "Fn::Join": [
                "",
                [
                  "arn:",
                  {
                    "Ref": "AWS::Partition",
                  },
                  ":ssm:",
                  {
                    "Ref": "AWS::Region",
                  },
                  ":",
                  {
                    "Ref": "AWS::AccountId",
                  },
                  ":parameter",
                  {
                    "Ref": "LoginParametersForScrapingAA8D7353",
                  },
                ],
              ],
            },
            "LOGIN_URL": "https://example.com/login",
            "POWERTOOLS_LOG_LEVEL": "INFO",
            "SNS_TOPIC_ARN": {
              "Ref": "SuccessTopic495EEDDD",
            },
            "USER_AGENT": "Mozilla/5.0 (Windows NT 10.0; Win64; x64) AppleWebKit/537.36 (KHTML, like Gecko) Chrome/58.0.3029.110 Safari/537.3",
          },
        },
        "LoggingConfig": {
          "ApplicationLogLevel": "INFO",
          "LogFormat": "JSON",
          "LogGroup": {
            "Ref": "LogGroupF5B46931",
          },
        },
        "MemorySize": 1024,
        "PackageType": "Image",
        "Role": {
          "Fn::GetAtt": [
            "EtlFunctionServiceRole2ADAA4BC",
            "Arn",
          ],
        },
        "Timeout": 60,
      },
      "Type": "AWS::Lambda::Function",
    },
    "EtlFunctionServiceRole2ADAA4BC": {
      "Properties": {
        "AssumeRolePolicyDocument": {
          "Statement": [
            {
              "Action": "sts:AssumeRole",
              "Effect": "Allow",
              "Principal": {
                "Service": "lambda.amazonaws.com",
              },
            },
          ],
          "Version": "2012-10-17",
        },
        "ManagedPolicyArns": [
          {
            "Fn::Join": [
              "",
              [
                "arn:",
                {
                  "Ref": "AWS::Partition",
                },
                ":iam::aws:policy/service-role/AWSLambdaBasicExecutionRole",
              ],
            ],
          },
        ],
      },
      "Type": "AWS::IAM::Role",
    },
    "EtlFunctionServiceRoleDefaultPolicy2FA140FD": {
      "Properties": {
        "PolicyDocument": {
          "Statement": [
            {
              "Action": "ssm:GetParameter",
              "Effect": "Allow",
              "Resource": {
                "Fn::Join": [
                  "",
                  [
                    "arn:",
                    {
                      "Ref": "AWS::Partition",
                    },
                    ":ssm:",
                    {
                      "Ref": "AWS::Region",
                    },
                    ":",
                    {
                      "Ref": "AWS::AccountId",
                    },
                    ":parameter",
                    {
                      "Ref": "LoginParametersForScrapingAA8D7353",
                    },
                  ],
                ],
              },
            },
            {
              "Action": "sns:Publish",
              "Effect": "Allow",
              "Resource": {
                "Ref": "SuccessTopic495EEDDD",
              },
            },
          ],
          "Version": "2012-10-17",
        },
        "PolicyName": "EtlFunctionServiceRoleDefaultPolicy2FA140FD",
        "Roles": [
          {
            "Ref": "EtlFunctionServiceRole2ADAA4BC",
          },
        ],
      },
      "Type": "AWS::IAM::Policy",
    },
    "FailureTopic74C6EA16": {
      "Type": "AWS::SNS::Topic",
    },
    "LogGroupETLFunctionErrorLogFilter613E5F93": {
      "Properties": {
        "FilterPattern": "{ $.level = "ERROR" }",
        "LogGroupName": {
          "Ref": "LogGroupF5B46931",
        },
        "MetricTransformations": [
          {
            "MetricName": "ETLFunctionErrorLog",
            "MetricNamespace": "Custom/DcpOpsMonitor",
            "MetricValue": "1",
          },
        ],
      },
      "Type": "AWS::Logs::MetricFilter",
    },
    "LogGroupF5B46931": {
      "DeletionPolicy": "Retain",
      "Properties": {
        "RetentionInDays": 7,
      },
      "Type": "AWS::Logs::LogGroup",
      "UpdateReplacePolicy": "Retain",
    },
    "LoginParametersForScrapingAA8D7353": {
      "Properties": {
        "Name": "/custom/dcp_etl/login-parameters",
        "Type": "String",
        "Value": "{"USER_ID":"testUser","PASSWORD":"testPassword","BIRTHDATE":"20000101"}",
      },
      "Type": "AWS::SSM::Parameter",
    },
    "NotificationFunction0492F7EA": {
      "DependsOn": [
        "NotificationFunctionServiceRoleDefaultPolicy49A8A750",
        "NotificationFunctionServiceRole66D0974B",
      ],
      "Properties": {
        "Code": {
          "S3Bucket": {
            "Fn::Sub": "cdk-hnb659fds-assets-\${AWS::AccountId}-\${AWS::Region}",
          },
          "S3Key": "[Hash Id].zip",
        },
        "Environment": {
          "Variables": {
            "LINE_MESSAGE_API_TOKEN": "testLineToken",
            "LINE_MESSAGE_API_URL": "https://api.line.me/v2/bot/message/broadcast",
            "POWERTOOLS_LOG_LEVEL": "INFO",
          },
        },
        "Handler": "src.handler.handler",
        "Role": {
          "Fn::GetAtt": [
            "NotificationFunctionServiceRole66D0974B",
            "Arn",
          ],
        },
        "Runtime": "python3.13",
      },
      "Type": "AWS::Lambda::Function",
    },
    "NotificationFunctionAllowInvokeDcpOpsMonitorStackFailureTopic58EA38C4DFE1BC8C": {
      "Properties": {
        "Action": "lambda:InvokeFunction",
        "FunctionName": {
          "Fn::GetAtt": [
            "NotificationFunction0492F7EA",
            "Arn",
          ],
        },
        "Principal": "sns.amazonaws.com",
        "SourceArn": {
          "Ref": "FailureTopic74C6EA16",
        },
      },
      "Type": "AWS::Lambda::Permission",
    },
    "NotificationFunctionAllowInvokeDcpOpsMonitorStackSuccessTopicB3D06A97EBD84C42": {
      "Properties": {
        "Action": "lambda:InvokeFunction",
        "FunctionName": {
          "Fn::GetAtt": [
            "NotificationFunction0492F7EA",
            "Arn",
          ],
        },
        "Principal": "sns.amazonaws.com",
        "SourceArn": {
          "Ref": "SuccessTopic495EEDDD",
        },
      },
      "Type": "AWS::Lambda::Permission",
    },
    "NotificationFunctionFailureTopicBF1827AA": {
      "Properties": {
        "Endpoint": {
          "Fn::GetAtt": [
            "NotificationFunction0492F7EA",
            "Arn",
          ],
        },
        "Protocol": "lambda",
        "TopicArn": {
          "Ref": "FailureTopic74C6EA16",
        },
      },
      "Type": "AWS::SNS::Subscription",
    },
    "NotificationFunctionServiceRole66D0974B": {
      "Properties": {
        "AssumeRolePolicyDocument": {
          "Statement": [
            {
              "Action": "sts:AssumeRole",
              "Effect": "Allow",
              "Principal": {
                "Service": "lambda.amazonaws.com",
              },
            },
          ],
          "Version": "2012-10-17",
        },
        "ManagedPolicyArns": [
          {
            "Fn::Join": [
              "",
              [
                "arn:",
                {
                  "Ref": "AWS::Partition",
                },
                ":iam::aws:policy/service-role/AWSLambdaBasicExecutionRole",
              ],
            ],
          },
        ],
      },
      "Type": "AWS::IAM::Role",
    },
    "NotificationFunctionServiceRoleDefaultPolicy49A8A750": {
      "Properties": {
        "PolicyDocument": {
          "Statement": [
            {
              "Action": "logs:DescribeMetricFilters",
              "Effect": "Allow",
              "Resource": "*",
            },
            {
              "Action": "logs:FilterLogEvents",
              "Effect": "Allow",
              "Resource": {
                "Fn::GetAtt": [
                  "LogGroupF5B46931",
                  "Arn",
                ],
              },
            },
          ],
          "Version": "2012-10-17",
        },
        "PolicyName": "NotificationFunctionServiceRoleDefaultPolicy49A8A750",
        "Roles": [
          {
            "Ref": "NotificationFunctionServiceRole66D0974B",
          },
        ],
      },
      "Type": "AWS::IAM::Policy",
    },
    "NotificationFunctionSuccessTopicAAC9B438": {
      "Properties": {
        "Endpoint": {
          "Fn::GetAtt": [
            "NotificationFunction0492F7EA",
            "Arn",
          ],
        },
        "Protocol": "lambda",
        "TopicArn": {
          "Ref": "SuccessTopic495EEDDD",
        },
      },
      "Type": "AWS::SNS::Subscription",
    },
    "ScrapingNrkExecuteRule18738132": {
      "Properties": {
        "ScheduleExpression": "cron(0 0 ? * MON *)",
        "State": "ENABLED",
        "Targets": [
          {
            "Arn": {
              "Fn::GetAtt": [
                "EtlFunction22ED5A0D",
                "Arn",
              ],
            },
            "Id": "Target0",
          },
        ],
      },
      "Type": "AWS::Events::Rule",
    },
    "ScrapingNrkExecuteRuleAllowEventRuleDcpOpsMonitorStackEtlFunction7DD83C5FE83C465A": {
      "Properties": {
        "Action": "lambda:InvokeFunction",
        "FunctionName": {
          "Fn::GetAtt": [
            "EtlFunction22ED5A0D",
            "Arn",
          ],
        },
        "Principal": "events.amazonaws.com",
        "SourceArn": {
          "Fn::GetAtt": [
            "ScrapingNrkExecuteRule18738132",
            "Arn",
          ],
        },
      },
      "Type": "AWS::Lambda::Permission",
    },
    "SuccessTopic495EEDDD": {
      "Type": "AWS::SNS::Topic",
    },
  },
  "Rules": {
    "CheckBootstrapVersion": {
      "Assertions": [
        {
          "Assert": {
            "Fn::Not": [
              {
                "Fn::Contains": [
                  [
                    "1",
                    "2",
                    "3",
                    "4",
                    "5",
                  ],
                  {
                    "Ref": "BootstrapVersion",
                  },
                ],
              },
            ],
          },
          "AssertDescription": "CDK bootstrap stack version 6 required. Please run 'cdk bootstrap' with a recent version of the CDK CLI.",
        },
      ],
    },
  },
}
`;
