// Jest Snapshot v1, https://jestjs.io/docs/snapshot-testing

exports[`Snapshot test for DcpOpsStatusNotificationStack 1`] = `
{
  "Parameters": {
    "BootstrapVersion": {
      "Default": "/cdk-bootstrap/hnb659fds/version",
      "Description": "Version of the CDK Bootstrap resources in this environment, automatically retrieved from SSM Parameter Store. [cdk:skip]",
      "Type": "AWS::SSM::Parameter::Value<String>",
    },
  },
  "Resources": {
    "ErrorBucket8D38AF42": {
      "DeletionPolicy": "Delete",
      "Type": "AWS::S3::Bucket",
      "UpdateReplacePolicy": "Delete",
    },
    "ErrorLogSubscriptionFilter932A293A": {
      "DependsOn": [
        "ErrorLogSubscriptionFilterCanInvokeLambdaFAB40D9F",
      ],
      "Properties": {
        "DestinationArn": {
          "Fn::GetAtt": [
            "ErrorNotificationFunction68DA9498",
            "Arn",
          ],
        },
        "FilterPattern": "{ $.level = "ERROR" }",
        "LogGroupName": {
          "Ref": "LogGroupF5B46931",
        },
      },
      "Type": "AWS::Logs::SubscriptionFilter",
    },
    "ErrorLogSubscriptionFilterCanInvokeLambdaFAB40D9F": {
      "Properties": {
        "Action": "lambda:InvokeFunction",
        "FunctionName": {
          "Fn::GetAtt": [
            "ErrorNotificationFunction68DA9498",
            "Arn",
          ],
        },
        "Principal": "logs.amazonaws.com",
        "SourceArn": {
          "Fn::GetAtt": [
            "LogGroupF5B46931",
            "Arn",
          ],
        },
      },
      "Type": "AWS::Lambda::Permission",
    },
    "ErrorNotificationFunction68DA9498": {
      "DependsOn": [
        "ErrorNotificationFunctionServiceRoleDefaultPolicyB61EBDA9",
        "ErrorNotificationFunctionServiceRoleA771D2E1",
      ],
      "Properties": {
        "Code": {
          "S3Bucket": {
            "Fn::Sub": "cdk-hnb659fds-assets-\${AWS::AccountId}-\${AWS::Region}",
          },
          "S3Key": "[Hash Id].zip",
        },
        "Environment": {
          "Variables": {
            "ERROR_BUCKET_NAME": {
              "Ref": "ErrorBucket8D38AF42",
            },
            "LINE_MESSAGE_PARAMETER_NAME": "/dcp-ops-monitor/dummy-line-message-parameters",
            "POWERTOOLS_LOG_LEVEL": "INFO",
            "POWERTOOLS_SERVICE_NAME": "error-notification",
          },
        },
        "Handler": "src.handler.handler",
        "Role": {
          "Fn::GetAtt": [
            "ErrorNotificationFunctionServiceRoleA771D2E1",
            "Arn",
          ],
        },
        "Runtime": "python3.13",
        "Timeout": 60,
      },
      "Type": "AWS::Lambda::Function",
    },
    "ErrorNotificationFunctionServiceRoleA771D2E1": {
      "Properties": {
        "AssumeRolePolicyDocument": {
          "Statement": [
            {
              "Action": "sts:AssumeRole",
              "Effect": "Allow",
              "Principal": {
                "Service": "lambda.amazonaws.com",
              },
            },
          ],
          "Version": "2012-10-17",
        },
        "ManagedPolicyArns": [
          {
            "Fn::Join": [
              "",
              [
                "arn:",
                {
                  "Ref": "AWS::Partition",
                },
                ":iam::aws:policy/service-role/AWSLambdaBasicExecutionRole",
              ],
            ],
          },
        ],
      },
      "Type": "AWS::IAM::Role",
    },
    "ErrorNotificationFunctionServiceRoleDefaultPolicyB61EBDA9": {
      "Properties": {
        "PolicyDocument": {
          "Statement": [
            {
              "Action": "s3:GetObject",
              "Effect": "Allow",
              "Resource": {
                "Fn::Join": [
                  "",
                  [
                    {
                      "Fn::GetAtt": [
                        "ErrorBucket8D38AF42",
                        "Arn",
                      ],
                    },
                    "/*",
                  ],
                ],
              },
            },
            {
              "Action": "ssm:GetParameter",
              "Effect": "Allow",
              "Resource": {
                "Fn::Join": [
                  "",
                  [
                    "arn:",
                    {
                      "Ref": "AWS::Partition",
                    },
                    ":ssm:",
                    {
                      "Ref": "AWS::Region",
                    },
                    ":",
                    {
                      "Ref": "AWS::AccountId",
                    },
                    ":parameter/dcp-ops-monitor/dummy-line-message-parameters",
                  ],
                ],
              },
            },
          ],
          "Version": "2012-10-17",
        },
        "PolicyName": "ErrorNotificationFunctionServiceRoleDefaultPolicyB61EBDA9",
        "Roles": [
          {
            "Ref": "ErrorNotificationFunctionServiceRoleA771D2E1",
          },
        ],
      },
      "Type": "AWS::IAM::Policy",
    },
    "EventRule5A491D2C": {
      "Properties": {
        "ScheduleExpression": "cron(0 0 ? * MON *)",
        "State": "ENABLED",
        "Targets": [
          {
            "Arn": {
              "Fn::GetAtt": [
                "webScrapingFunction3F73FC71",
                "Arn",
              ],
            },
            "Id": "Target0",
          },
        ],
      },
      "Type": "AWS::Events::Rule",
    },
    "EventRuleAllowEventRuleDcpOpsMonitorStackwebScrapingFunctionD4D82C84799A9237": {
      "Properties": {
        "Action": "lambda:InvokeFunction",
        "FunctionName": {
          "Fn::GetAtt": [
            "webScrapingFunction3F73FC71",
            "Arn",
          ],
        },
        "Principal": "events.amazonaws.com",
        "SourceArn": {
          "Fn::GetAtt": [
            "EventRule5A491D2C",
            "Arn",
          ],
        },
      },
      "Type": "AWS::Lambda::Permission",
    },
    "LogGroupF5B46931": {
      "DeletionPolicy": "Retain",
      "Properties": {
        "RetentionInDays": 7,
      },
      "Type": "AWS::Logs::LogGroup",
      "UpdateReplacePolicy": "Retain",
    },
    "webScrapingFunction3F73FC71": {
      "DependsOn": [
        "webScrapingFunctionServiceRoleDefaultPolicy417D3A09",
        "webScrapingFunctionServiceRoleC1917590",
      ],
      "Properties": {
        "Code": {
          "ImageUri": {
            "Fn::Sub": "\${AWS::AccountId}.dkr.ecr.\${AWS::Region}.\${AWS::URLSuffix}/cdk-hnb659fds-container-assets-\${AWS::AccountId}-\${AWS::Region}:[Image Tag]",
          },
        },
        "Environment": {
          "Variables": {
            "ERROR_BUCKET_NAME": {
              "Ref": "ErrorBucket8D38AF42",
            },
            "LINE_MESSAGE_PARAMETER_NAME": "/dcp-ops-monitor/dummy-line-message-parameters",
            "POWERTOOLS_LOG_LEVEL": "INFO",
            "POWERTOOLS_SERVICE_NAME": "web-scraping",
            "SCRAPING_PARAMETER_NAME": "/dcp-ops-monitor/dummy-scraping-parameters",
            "USER_AGENT": "Mozilla/5.0 (Windows NT 10.0; Win64; x64) AppleWebKit/537.36 (KHTML, like Gecko) Chrome/58.0.3029.110 Safari/537.3",
          },
        },
        "LoggingConfig": {
          "ApplicationLogLevel": "INFO",
          "LogFormat": "JSON",
          "LogGroup": {
            "Ref": "LogGroupF5B46931",
          },
        },
        "MemorySize": 1024,
        "PackageType": "Image",
        "Role": {
          "Fn::GetAtt": [
            "webScrapingFunctionServiceRoleC1917590",
            "Arn",
          ],
        },
        "Timeout": 60,
      },
      "Type": "AWS::Lambda::Function",
    },
    "webScrapingFunctionServiceRoleC1917590": {
      "Properties": {
        "AssumeRolePolicyDocument": {
          "Statement": [
            {
              "Action": "sts:AssumeRole",
              "Effect": "Allow",
              "Principal": {
                "Service": "lambda.amazonaws.com",
              },
            },
          ],
          "Version": "2012-10-17",
        },
        "ManagedPolicyArns": [
          {
            "Fn::Join": [
              "",
              [
                "arn:",
                {
                  "Ref": "AWS::Partition",
                },
                ":iam::aws:policy/service-role/AWSLambdaBasicExecutionRole",
              ],
            ],
          },
        ],
      },
      "Type": "AWS::IAM::Role",
    },
    "webScrapingFunctionServiceRoleDefaultPolicy417D3A09": {
      "Properties": {
        "PolicyDocument": {
          "Statement": [
            {
              "Action": "ssm:GetParameter",
              "Effect": "Allow",
              "Resource": [
                {
                  "Fn::Join": [
                    "",
                    [
                      "arn:",
                      {
                        "Ref": "AWS::Partition",
                      },
                      ":ssm:",
                      {
                        "Ref": "AWS::Region",
                      },
                      ":",
                      {
                        "Ref": "AWS::AccountId",
                      },
                      ":parameter/dcp-ops-monitor/dummy-scraping-parameters",
                    ],
                  ],
                },
                {
                  "Fn::Join": [
                    "",
                    [
                      "arn:",
                      {
                        "Ref": "AWS::Partition",
                      },
                      ":ssm:",
                      {
                        "Ref": "AWS::Region",
                      },
                      ":",
                      {
                        "Ref": "AWS::AccountId",
                      },
                      ":parameter/dcp-ops-monitor/dummy-line-message-parameters",
                    ],
                  ],
                },
              ],
            },
            {
              "Action": "s3:PutObject",
              "Effect": "Allow",
              "Resource": {
                "Fn::Join": [
                  "",
                  [
                    {
                      "Fn::GetAtt": [
                        "ErrorBucket8D38AF42",
                        "Arn",
                      ],
                    },
                    "/*",
                  ],
                ],
              },
            },
          ],
          "Version": "2012-10-17",
        },
        "PolicyName": "webScrapingFunctionServiceRoleDefaultPolicy417D3A09",
        "Roles": [
          {
            "Ref": "webScrapingFunctionServiceRoleC1917590",
          },
        ],
      },
      "Type": "AWS::IAM::Policy",
    },
  },
  "Rules": {
    "CheckBootstrapVersion": {
      "Assertions": [
        {
          "Assert": {
            "Fn::Not": [
              {
                "Fn::Contains": [
                  [
                    "1",
                    "2",
                    "3",
                    "4",
                    "5",
                  ],
                  {
                    "Ref": "BootstrapVersion",
                  },
                ],
              },
            ],
          },
          "AssertDescription": "CDK bootstrap stack version 6 required. Please run 'cdk bootstrap' with a recent version of the CDK CLI.",
        },
      ],
    },
  },
}
`;
